// Jest Snapshot v1, https://goo.gl/fbAQLP

exports[`CollectionItem component should render CollectionItem component 1`] = `
<styled.div>
  <BackgroundImage
    className="image"
    imageUrl="www.testImage.com"
  />
  <styled.div>
    <NameContainer>
      black hat
    </NameContainer>
    <PriceContainer>
      10
    </PriceContainer>
  </styled.div>
  <AddButton
    inverted={true}
    onClick={[Function]}
  >
    Add to cart
  </AddButton>
</styled.div>
`;
